hi this log file`:wq

